# 7 磁盘管理

- [7 磁盘管理](#7-%E7%A3%81%E7%9B%98%E7%AE%A1%E7%90%86)
  - [7.1 磁盘管理命令](#71-%E7%A3%81%E7%9B%98%E7%AE%A1%E7%90%86%E5%91%BD%E4%BB%A4)
    - [7.1.1 df](#711-df)
    - [7.1.2 du](#712-du)
    - [7.1.3 fdisk](#713-fdisk)
    - [7.1.4 mkfs](#714-mkfs)
  - [7.2 磁盘检验](#72-%E7%A3%81%E7%9B%98%E6%A3%80%E9%AA%8C)
  - [7.3 磁盘挂载与卸除](#73-%E7%A3%81%E7%9B%98%E6%8C%82%E8%BD%BD%E4%B8%8E%E5%8D%B8%E9%99%A4)
  - [7.4 使用文件系统组织磁盘存储和数据管理的必要性](#74-%E4%BD%BF%E7%94%A8%E6%96%87%E4%BB%B6%E7%B3%BB%E7%BB%9F%E7%BB%84%E7%BB%87%E7%A3%81%E7%9B%98%E5%AD%98%E5%82%A8%E5%92%8C%E6%95%B0%E6%8D%AE%E7%AE%A1%E7%90%86%E7%9A%84%E5%BF%85%E8%A6%81%E6%80%A7)

## 7.1 磁盘管理命令

- Linux 磁盘管理好坏直接关系到整个系统的性能问题
- Linux 磁盘管理常用三个命令为df、du和fdisk
  - df：列出文件系统的整体磁盘使用量
  - du：检查磁盘空间使用量
  - fdisk：用于磁盘分区
  - mkfs：磁盘格式化

### 7.1.1 df

- df：检查文件系统的磁盘空间占用情况
- 可以利用该命令来获取硬盘被占用了多少空间，目前还剩下多少空间等信息
- 语法 `df [-ahikHTm] [目录或文件名]`
- 选项与参数
  - -a：列出所有的文件系统，包括系统特有的 /proc 等文件系统
  - -k：以 KBytes 的容量显示各文件系统
  - -m：以 MBytes 的容量显示各文件系统
  - -h：以人们较易阅读的 GBytes, MBytes, KBytes 等格式自行显示
  - -H：以 M=1000K 取代 M=1024K 的进位方式
  - -T：显示文件系统类型, 连同该 partition 的 filesystem 名称(如 ext3)也列出
  - -i：不用硬盘容量，而以 inode 的数量来显示

```sh
# 将系统内所有的文件系统列出来！
[root@www ~]# df
Filesystem      1K-blocks      Used Available Use% Mounted on
/dev/hdc2         9920624   3823112   5585444  41% /
/dev/hdc3         4956316    141376   4559108   4% /home
/dev/hdc1          101086     11126     84741  12% /boot
tmpfs              371332         0    371332   0% /dev/shm
# 没有加任何选项，默认将系统内所有(不含特殊内存内的文件系统与 swap)以 1 Kbytes 容量列出来
# 将容量结果以易读的容量格式显示出来
[root@www ~]# df -h
Filesystem            Size  Used Avail Use% Mounted on
/dev/hdc2             9.5G  3.7G  5.4G  41% /
/dev/hdc3             4.8G  139M  4.4G   4% /home
/dev/hdc1              99M   11M   83M  12% /boot
tmpfs                 363M     0  363M   0% /dev/shm
# 将系统内的所有特殊文件格式及名称都列出来
[root@www ~]# df -aT
Filesystem    Type 1K-blocks    Used Available Use% Mounted on
/dev/hdc2     ext3   9920624 3823112   5585444  41% /
proc          proc         0       0         0   -  /proc
sysfs        sysfs         0       0         0   -  /sys
devpts      devpts         0       0         0   -  /dev/pts
/dev/hdc3     ext3   4956316  141376   4559108   4% /home
/dev/hdc1     ext3    101086   11126     84741  12% /boot
tmpfs        tmpfs    371332       0    371332   0% /dev/shm
none   binfmt_misc         0       0         0   -  /proc/sys/fs/binfmt_misc
sunrpc  rpc_pipefs         0       0         0   -  /var/lib/nfs/rpc_pipefs
# 将 /etc 下的可用的磁盘容量以易读的容量格式显示
[root@www ~]# df -h /etc
Filesystem            Size  Used Avail Use% Mounted on
/dev/hdc2             9.5G  3.7G  5.4G  41% /
```

### 7.1.2 du

- du：查看使用空间
- 与 df 命令不同：du 命令是对文件和目录磁盘使用的空间的查看，df 检查文件系统的磁盘空间占用情况
- 与 df 不一样的是，du 会直接到文件系统内去搜寻所有的文件数据
- 语法 `du [-ahskm] 文件或目录名称`
- 选项与参数
  - -a：列出所有的文件与目录容量，因为默认仅统计目录底下的文件量而已
  - -h：以人们较易读的容量格式 (G/M) 显示
  - -s：列出总量而已，而不列出每个各别的目录占用容量
  - -S：不包括子目录下的总计，与 -s 有点差别
  - -k：以 KBytes 列出容量显示
  - -m：以 MBytes 列出容量显示

```sh
# 列出当前目录下的所有文件容量，包括隐藏文件的目录
# 当前目录(.)所占用的总量
[root@www ~]# du
8       ./test4
8       ./test2
12      ./.gconfd
220     .
# 没有加任何选项时，du 会分析当前所在目录的文件与目录所占用的硬盘空间
# 将文件的容量也列出来
[root@www ~]# du -a
12      ./install.log.syslog
8       ./.bash_logout
8       ./test4
8       ./test2
12      ./.gconfd
220     .
# 检查根目录下每个目录所占用的容量
# 通配符 * 代表每个目录
[root@www ~]# du -sm /*
7       /bin
6       /boot
0       /proc
1       /tmp
3859    /usr
77      /var
```

### 7.1.3 fdisk

- fdisk：磁盘分区表操作工具
- 语法 `fdisk [-l] 装置名称`
- 选项与参数
  - -l：输出后面接的装置所有的分区内容
  - 若仅有`fdisk -l`时， 系统将会把整个系统内能够搜寻到的装置的分区均列出来

```sh
# 列出所有分区信息
[root@AY120919111755c246621 tmp]# fdisk -l

Disk /dev/xvda: 21.5 GB, 21474836480 bytes
255 heads, 63 sectors/track, 2610 cylinders
Units = cylinders of 16065 * 512 = 8225280 bytes
Sector size (logical/physical): 512 bytes / 512 bytes
I/O size (minimum/optimal): 512 bytes / 512 bytes
Disk identifier: 0x00000000

    Device Boot      Start         End      Blocks   Id  System
/dev/xvda1   *           1        2550    20480000   83  Linux
/dev/xvda2            2550        2611      490496   82  Linux swap / Solaris

Disk /dev/xvdb: 21.5 GB, 21474836480 bytes
255 heads, 63 sectors/track, 2610 cylinders
Units = cylinders of 16065 * 512 = 8225280 bytes
Sector size (logical/physical): 512 bytes / 512 bytes
I/O size (minimum/optimal): 512 bytes / 512 bytes
Disk identifier: 0x56f40944

    Device Boot      Start         End      Blocks   Id  System
/dev/xvdb2               1        2610    20964793+  83  Linux

# 找出系统中的根目录所在磁盘，并查阅该硬盘内的相关信息。重点在找出磁盘文件名
[root@www ~]# df /
Filesystem           1K-blocks      Used Available Use% Mounted on
/dev/hdc2              9920624   3823168   5585388  41% /
# 不要加上数字
[root@www ~]# fdisk /dev/hdc
The number of cylinders for this disk is set to 5005.
There is nothing wrong with that, but this is larger than 1024,
and could in certain setups cause problems with:
1) software that runs at boot time (e.g., old versions of LILO)
2) booting and partitioning software from other OSs
   (e.g., DOS FDISK, OS/2 FDISK)

# 输入 m 后，就会看到命令介绍
Command (m for help):
# 离开 fdisk 时按下 q，那么所有动作都不会生效。相反的， 按下 w 就是动作生效
# 使用 p 可以列出目前这颗磁盘的分割表信息，这个信息的上半部显示整体磁盘的状态
Command (m for help): p

# 这个磁盘的文件名与容量
Disk /dev/hdc: 41.1 GB, 41174138880 bytes
# 磁头、扇区与磁柱大小
255 heads, 63 sectors/track, 5005 cylinders
# 每个磁柱的大小
Units = cylinders of 16065 * 512 = 8225280 bytes

# 装置文件名 启动区否 开始磁柱    结束磁柱  1K大小容量 磁盘分区槽内的系统
   Device Boot      Start         End      Blocks   Id  System
/dev/hdc1   *           1          13      104391   83  Linux
/dev/hdc2              14        1288    10241437+  83  Linux
/dev/hdc3            1289        1925     5116702+  83  Linux
/dev/hdc4            1926        5005    24740100    5  Extended
/dev/hdc5            1926        2052     1020096   82  Linux swap / Solaris

# 想要不储存离开按下 q
Command (m for help): q
```

### 7.1.4 mkfs

- 磁盘分割完毕后自然就是要进行文件系统的格式化
- 语法 `mkfs [-t 文件系统格式] 装置文件名`
- 选项与参数
  - -t：可以接文件系统格式，如 ext3, ext2, vfat 等(系统有支持才会生效)

```sh
# 查看 mkfs 支持的文件格式
# 按下两个[tab]，会发现 mkfs 支持的文件格式
[root@www ~]# mkfs[tab][tab]
mkfs         mkfs.cramfs  mkfs.ext2    mkfs.ext3    mkfs.msdos   mkfs.vfat
# 将分区 /dev/hdc6(可指定你自己的分区)格式化为 ext3 文件系统
[root@www ~]# mkfs -t ext3 /dev/hdc6
mke2fs 1.39 (29-May-2006)
# 指的是分割槽的名称(label)
Filesystem label=
OS type: Linux
# block 的大小配置为 4K
Block size=4096 (log=2)
Fragment size=4096 (log=2)
# 由此配置决定的inode/block数量
251392 inodes, 502023 blocks
25101 blocks (5.00%) reserved for the super user
First data block=0
Maximum filesystem blocks=515899392
16 block groups
32768 blocks per group, 32768 fragments per group
15712 inodes per group
Superblock backups stored on blocks:
        32768, 98304, 163840, 229376, 294912

Writing inode tables: done
# 有日志记录
Creating journal (8192 blocks): done
Writing superblocks and filesystem accounting information: done

This filesystem will be automatically checked every 34 mounts or
180 days, whichever comes first.  Use tune2fs -c or -i to override.
# 这样就创建起来 Ext3 文件系统了
```

## 7.2 磁盘检验

- fsck（file system check）用来检查和维护不一致的文件系统
- 若系统掉电或磁盘发生问题，可利用fsck命令对文件系统进行检查
- 语法 `fsck [-t 文件系统] [-ACay] 装置名称`
- 选项与参数
  - -t: 给定档案系统的型式，若在 /etc/fstab 中已有定义或 kernel 本身已支援的则不需加上此参数
  - -s: 依序一个一个地执行 fsck 的指令来检查
  - -A: 对/etc/fstab 中所有列出来的分区（partition）做检查
  - -C: 显示完整的检查进度
  - -d: 打印出 e2fsck 的 debug 结果
  - -p: 同时有 -A 条件时，同时有多个 fsck 的检查一起执行
  - -R: 同时有 -A 条件时，省略 / 不检查
  - -V: 详细显示模式
  - -a: 如果检查有错则自动修复
  - -r: 如果检查有错则由使用者回答是否修复
  - -y: 指定检测每个文件自动输入yes，在不确定哪些是不正常的时候，可以执行`fsck -y`全部检查修复

```sh
# 查看系统有多少文件系统支持的 fsck 命令
[root@www ~]# fsck[tab][tab]
fsck         fsck.cramfs  fsck.ext2    fsck.ext3    fsck.msdos   fsck.vfat
# 强制检测 /dev/hdc6 分区
[root@www ~]# fsck -C -f -t ext3 /dev/hdc6
fsck 1.39 (29-May-2006)
e2fsck 1.39 (29-May-2006)
Pass 1: Checking inodes, blocks, and sizes
Pass 2: Checking directory structure
Pass 3: Checking directory connectivity
Pass 4: Checking reference counts
Pass 5: Checking group summary information
vbird_logical: 11/251968 files (9.1% non-contiguous), 36926/1004046 blocks
# 如果没有 -f，则由于这个文件系统不曾出现问题，检查的经过非常快速
# 若加上 -f 强制检查，才会一项一项的显示过程
```

## 7.3 磁盘挂载与卸除

- Linux 的磁盘挂载使用 mount 命令，卸载使用 umount 命令
- 磁盘挂载语法 `mount [-t 文件系统] [-L Label名] [-o 额外选项] [-n] 装置文件名 挂载点`

```sh
# 用默认方式，将刚刚创建的 /dev/hdc6 挂载到 /mnt/hdc6 上面
[root@www ~]# mkdir /mnt/hdc6
[root@www ~]# mount /dev/hdc6 /mnt/hdc6
[root@www ~]# df
Filesystem           1K-blocks      Used Available Use% Mounted on
/dev/hdc6              1976312     42072   1833836   3% /mnt/hdc6
```

- 磁盘卸载命令 umount 语法 `umount [-fn] 装置文件名或挂载点`
- 选项与参数
  - -f：强制卸除。可用在类似网络文件系统(NFS)无法读取到的情况下
  - -n：不升级 /etc/mtab 情况下卸除

```sh
# 卸载/dev/hdc6
[root@www ~]# umount /dev/hdc6
```

## 7.4 使用文件系统组织磁盘存储和数据管理的必要性

- 使用文件系统是和使用裸设备相对而言的。裸设备是一种没有格式化的磁盘或磁盘分区，也就是让操作系统或者程序直接操作磁盘设备
- 文件系统是操作系统和磁盘之间的一个桥梁，因此对磁盘的任何写操作，都要经过文件系统，然后才到磁盘
- 通过文件系统的方式来组织磁盘存储和数据管理。优点
  - 数据的读取、管理操作变得简单：文件系统给用户提供了一个简单的操作界面，用户可以通过对文件系统的简单操作，实现对磁盘的管理。虽然 Linux 系统下也可以直接使用裸设备，但是在读取性能上，裸设备并不比文件系统能高出多少，同时还造成了管理与维护的麻烦，普通用户是无法接受的
  - 磁盘分区管理灵活：在文件系统下提供了很多的磁盘分区管理工具(如 LVM)，通过这些工具可以灵活地对磁盘分区进行大小的修改，而在裸设备下，必须预先规划好磁盘空间，可能造成空间的不足或者浪费
    - 支持数据容错机制，数据安全能得到保障：一个好的文件系统提供了对于数据读取和写入的各种容错和保护机制，很好地保障了数据的安全，而裸设备没有这种灵活的管理机制，对于数据安全只能通过手工的备份方式来实现
- 缺点：在大量写操作下，文件系统本身也会产生开销，例如对元数据的维护、文件系统缓存等，这个桥梁就成了一个障碍。不过，现在很多类型的文件系统都在做写入性能的改进，因而相对于文件系统提供的这些优点，缺点基本可以忽略
